// Vitest Snapshot v1

exports[`JiraError > should store the message and the code 1`] = `"Test message"`;

exports[`JiraError > should store the message and the code 2`] = `"ERR_CODE"`;
